2024-05-15 16:33:31 + : Android67409672  || pb-IF4UURZdHQ== || joined server 
2024-05-15 16:34:07 + : Faiza9040  || pb-IF4lURQEPQ== || joined server 
2024-05-15 16:36:34 + : Velan105  || pb-IF4IUHomFA== || joined server 
2024-05-15 16:39:10 + : Rehant13  || pb-IF4DUGEaEw== || joined server 
2024-05-15 16:39:29 + : CrankyJac2  || None || joined server 
2024-05-15 16:39:30 + : CrankyJac2  || pb-IF4tVREBXA== || joined server 
2024-05-15 20:02:04 + : SARA0786  || pb-JiNJARFeXENAVF5FEkFQXFVBGUJWTlVH || joined server 
2024-05-15 20:02:43 + : SARA0786  || None || joined server 
2024-05-15 20:02:44 + : SARA0786  || pb-JiNJARFeXENAVF5FEkFQXFVBGUJWTlVH || joined server 
2024-05-15 20:04:37 + : SARA0786  || None || joined server 
2024-07-04 23:03:38 + : V0RT3X  || pb-IF4BUlQBJw== || joined server 
2024-07-04 23:07:36 + : NNOOOOBBSS  || pb-IF4pU2I4Pw== || joined server 
2024-07-04 23:07:53 + : V0RT3X  || None || joined server 
2024-07-04 23:07:54 + : V0RT3X  || pb-IF4BUlQBJw== || joined server 
2024-07-04 23:08:24 + : Fourte1103  || pb-IF4nUWQxHw== || joined server 
2024-07-04 23:12:27 + : V0RT3X  || pb-IF4BUlQBJw== || joined server 
2024-07-04 23:14:46 + : V0RT3X  || None || joined server 
2024-07-04 23:14:47 + : V0RT3X  || pb-IF4BUlQBJw== || joined server 
2024-07-04 23:16:14 + : V0RT3X  || None || joined server 
2024-07-04 23:16:15 + : V0RT3X  || pb-IF4BUlQBJw== || joined server 
2024-07-04 23:16:50 + : ZEUS609  || pb-IF4UU2ldEg== || joined server 
2024-07-04 23:18:59 + : PC591985  || pb-IF4KUBQFJA== || joined server 
2024-07-04 23:20:06 + : masterGG  || pb-IF4GUEFaJg== || joined server 
2024-07-04 23:22:03 + : DoBlehGreg  || None || joined server 
2024-07-04 23:22:04 + : DoBlehGreg  || pb-IF4-VXk-Mg== || joined server 
2024-07-04 23:24:58 + : Android66440089  || pb-IF5RUE0ABg== || joined server 
2024-07-04 23:25:16 + : V0RT3X  || pb-IF4BUlQBJw== || joined server 
2024-07-04 23:25:56 + : heymigs13  || pb-IF4gU1EhDQ== || joined server 
2024-07-04 23:29:40 + : RoyalAcco4  || None || joined server 
2024-07-04 23:29:41 + : RoyalAcco4  || pb-IF4oVWgMDA== || joined server 
2024-07-04 23:32:22 + : Fruitle182  || pb-IF5TUhAELw== || joined server 
2024-07-04 23:32:49 + : justalonel  || None || joined server 
2024-07-04 23:32:50 + : justalonel  || pb-IF4GUEMzLg== || joined server 
2024-07-04 23:34:16 + : NoobMas167  || pb-IF4GURNbPQ== || joined server 
2024-07-04 23:39:45 + : Companion3  || pb-IF4HU3YGBw== || joined server 
2024-07-04 23:43:41 + : Unearne423  || pb-IF4QUFgyCg== || joined server 
2024-07-05 00:07:16 + : BCS  || None || joined server 
2024-07-05 00:07:17 + : BCS  || pb-IF4iU0QaEw== || joined server 
2024-07-05 00:29:24 + : BCS  || None || joined server 
2024-07-05 00:29:25 + : BCS  || pb-IF4iU0QaEw== || joined server 
2024-07-05 00:30:10 + : TUSHAR1PUB  || pb-IF41NnYI || joined server 
2024-07-05 00:51:14 + : BCS  || None || joined server 
2024-07-05 00:51:15 + : BCS  || pb-IF4iU0QaEw== || joined server 
2024-07-05 00:58:32 + : Avalolli  || pb-IF40UEwoPA== || joined server 
2024-07-05 00:58:45 + : Avalolli  || None || joined server 
2024-07-05 00:58:46 + : Avalolli  || pb-IF40UEwoPA== || joined server 
2024-07-05 01:01:18 + : Stormster  || None || joined server 
2024-07-05 01:01:19 + : Stormster  || pb-IF4NU1lYFg== || joined server 
2024-07-05 01:01:44 + : Avalolli  || None || joined server 
2024-07-05 01:01:45 + : Avalolli  || pb-IF40UEwoPA== || joined server 
2024-07-05 01:02:06 + : TUSHAR1PUB  || None || joined server 
2024-07-05 01:02:16 + : Optimis530  || None || joined server 
2024-07-05 01:02:17 + : Optimis530  || pb-IF4wU0JbKg== || joined server 
2024-07-05 01:03:00 + : Stormster  || None || joined server 
2024-07-05 01:03:01 + : Stormster  || pb-IF4NU1lYFg== || joined server 
2024-07-05 01:03:32 + : Stormster  || pb-IF4NU1lYFg== || joined server 
2024-07-05 01:04:02 + : Stormster  || None || joined server 
2024-07-05 01:04:03 + : Stormster  || pb-IF4NU1lYFg== || joined server 
2024-07-05 01:05:36 + : Stormster  || None || joined server 
2024-07-05 01:05:37 + : Stormster  || pb-IF4NU1lYFg== || joined server 
2024-07-05 01:06:00 + : Noonme1380  || None || joined server 
2024-07-05 01:06:01 + : Noonme1380  || pb-IF4FUkIOFg== || joined server 
2024-07-05 01:06:23 + : Stormster  || pb-IF4NU1lYFg== || joined server 
2024-07-05 01:06:59 + : Stormster  || pb-IF4NU1lYFg== || joined server 
2024-07-05 01:10:41 + : Android67524495  || pb-IF4PURkRFw== || joined server 
2024-07-05 01:10:55 + : Nihal18  || pb-IF5dUnMoVQ== || joined server 
2024-07-05 01:14:02 + : BCS  || pb-IF4iU0QaEw== || joined server 
2024-07-05 01:16:23 + : Stormster  || None || joined server 
2024-07-05 01:16:24 + : Stormster  || pb-IF4NU1lYFg== || joined server 
2024-07-05 01:32:11 + : Avalolli  || None || joined server 
2024-07-05 01:32:12 + : Avalolli  || pb-IF40UEwoPA== || joined server 
2024-07-05 01:36:19 + : BCS  || None || joined server 
2024-07-05 01:36:20 + : BCS  || pb-IF4iU0QaEw== || joined server 
2024-07-05 02:20:43 + : BCS  || pb-IF4iU0QaEw== || joined server 
2024-07-05 02:42:50 + : BCS  || pb-IF4iU0QaEw== || joined server 
2024-07-05 03:04:09 + : BCS  || pb-IF4iU0QaEw== || joined server 
2024-07-05 03:25:48 + : BCS  || pb-IF4iU0QaEw== || joined server 
2024-07-05 03:41:38 + : NoName7747799  || pb-IF4MUxVTLg== || joined server 
2024-07-05 03:42:17 + : LengthyGr2  || pb-IF4WUGkzFA== || joined server 
2024-07-05 03:43:54 + : Carl3413  || None || joined server 
2024-07-05 03:43:55 + : Carl3413  || pb-IF4KUWM5KQ== || joined server 
2024-07-05 03:44:56 + : Android64022296  || None || joined server 
2024-07-05 09:10:55 + : V0RT3X  || pb-IF4BUlQBJw== || joined server 
2024-07-05 09:11:27 + : YashGabani  || None || joined server 
2024-07-05 09:11:28 + : YashGabani  || pb-IF4pU1FYDQ== || joined server 
2024-07-05 09:11:37 + : ZEUS609  || pb-IF4UU2ldEg== || joined server 
2026-07-19 10:40:31 + : DivineDeox  || None || joined server 
2026-07-19 10:40:56 + : NotZeus  || None || joined server 
2026-07-19 10:40:57 + : NotZeus  || pb-IF42XhcMHA== || joined server 
2026-07-19 10:46:04 + : NotZeus  || None || joined server 
2026-07-19 10:46:06 + : NotZeus  || pb-IF42XhcMHA== || joined server 
2026-07-19 10:47:44 + : NotZeus  || pb-IF42XhcMHA== || joined server 
2026-07-19 10:50:45 + : NotZeus  || None || joined server 
2026-07-19 10:50:46 + : NotZeus  || pb-IF42XhcMHA== || joined server 
2026-07-24 18:08:10 + : GIZABEGYPT  || pb-IF4dUGFYAg== || joined server 
2026-07-24 18:08:13 + : NotZeus  || None || joined server 
2026-07-24 18:08:15 + : NotZeus  || pb-IF42XhcMHA== || joined server 
2026-07-24 18:11:24 + : NotZeus  || None || joined server 
2026-07-24 18:11:25 + : NotZeus  || pb-IF42XhcMHA== || joined server 
2026-07-24 18:13:03 + : NotZeus  || None || joined server 
2026-07-24 18:13:04 + : NotZeus  || pb-IF42XhcMHA== || joined server 
2026-07-24 18:14:29 + : GIZABEGYPT  || pb-IF4dUGFYAg== || joined server 
2026-07-25 12:58:11 + : NotZeus  || None || joined server 
2026-07-25 12:58:12 + : NotZeus  || pb-IF42XhcMHA== || joined server 
2026-07-25 13:01:02 + : NotZeus  || pb-IF42XhcMHA== || joined server 
2026-07-25 13:03:56 + : NotZeus  || None || joined server 
2026-07-25 13:03:57 + : NotZeus  || pb-IF42XhcMHA== || joined server 
2026-07-25 13:05:21 + : Ash21  || None || joined server 
2026-07-25 13:05:22 + : Ash21  || pb-IF5SUHkSFg== || joined server 
2026-07-25 13:08:07 + : NotZeus  || pb-IF42XhcMHA== || joined server 
2026-07-25 13:08:11 + : Neera  || None || joined server 
2026-07-25 13:08:12 + : Neera  || pb-IF4qUU8yVQ== || joined server 
2026-07-25 13:08:18 + : Ash21  || pb-IF5SUHkSFg== || joined server 
2026-07-25 13:13:15 + : ZealousC74  || pb-IF4sUEEjKQ== || joined server 
2026-07-25 13:19:32 + : ZealousC74  || None || joined server 
2026-07-25 13:19:33 + : ZealousC74  || pb-IF4sUEEjKQ== || joined server 
2026-07-25 13:22:50 + : ZealousC74  || None || joined server 
2026-07-25 13:22:51 + : ZealousC74  || pb-IF4sUEEjKQ== || joined server 
2026-07-25 13:23:09 + : ZealousC74  || None || joined server 
2026-07-25 13:23:10 + : ZealousC74  || pb-IF4sUEEjKQ== || joined server 
2026-07-25 13:34:03 + : NotZeus  || pb-IF42XhcMHA== || joined server 
2026-07-25 13:43:53 + : ZealousC74  || None || joined server 
2026-07-25 13:43:54 + : ZealousC74  || pb-IF4sUEEjKQ== || joined server 
2026-07-25 13:45:24 + : ZealousC74  || None || joined server 
2026-07-25 13:45:25 + : ZealousC74  || pb-IF4sUEEjKQ== || joined server 
2026-07-25 13:56:59 + : ZealousC74  || pb-IF4sUEEjKQ== || joined server 
2026-07-26 11:49:23 + : DivineDeox  || None || joined server 
2026-07-26 11:49:24 + : DivineDeox  || pb-IF5XXnhcBg== || joined server 
2026-07-26 11:50:02 + : DivineDeox  || None || joined server 
2026-07-26 11:50:03 + : DivineDeox  || pb-IF5XXnhcBg== || joined server 
2026-07-26 11:57:54 + : NoNameB14833046  || None || joined server 
2026-07-26 12:07:05 + : NoNameB14833046  || None || joined server 
2026-07-26 12:14:12 + : Dr7cu  || None || joined server 
2026-07-26 12:14:13 + : Dr7cu  || pb-IF4iUVI8UQ== || joined server 
2026-07-26 12:44:33 + : DivineDeox  || None || joined server 
2026-07-26 12:44:34 + : DivineDeox  || pb-IF5XXnhcBg== || joined server 
2026-07-26 12:44:44 + : DivineDeox  || None || joined server 
2026-07-26 12:44:45 + : DivineDeox  || pb-IF5XXnhcBg== || joined server 
2026-07-26 12:45:21 + : DivineDeox  || None || joined server 
2026-07-26 12:45:22 + : DivineDeox  || pb-IF5XXnhcBg== || joined server 
2026-07-26 12:46:02 + : NotZeus  || None || joined server 
2026-07-26 12:46:03 + : NotZeus  || pb-IF42XhcMHA== || joined server 
2026-07-26 12:47:00 + : NotZeus  || None || joined server 
2026-07-26 12:47:01 + : NotZeus  || pb-IF42XhcMHA== || joined server 
2026-07-26 12:47:25 + : NotZeus  || None || joined server 
2026-07-26 12:47:26 + : NotZeus  || pb-IF42XhcMHA== || joined server 
2026-07-26 13:21:43 + : NotZeus  || None || joined server 
2026-07-26 13:21:44 + : NotZeus  || pb-IF42XhcMHA== || joined server 
2026-07-26 13:26:13 + : Graphitepc  || None || joined server 
2026-07-26 13:26:14 + : Graphitepc  || pb-IF4yXmsCPQ== || joined server 
2026-07-26 13:36:24 + : NotZeus  || None || joined server 
2026-07-26 13:36:26 + : NotZeus  || pb-IF42XhcMHA== || joined server 
2026-07-26 13:36:47 + : NotZeus  || None || joined server 
2026-07-26 13:36:48 + : NotZeus  || pb-IF42XhcMHA== || joined server 
2026-07-26 14:02:58 + : Graphitepc  || pb-IF4yXmsCPQ== || joined server 
2026-07-26 14:04:11 + : Graphitepc  || None || joined server 
2026-07-26 14:04:12 + : Graphitepc  || pb-IF4yXmsCPQ== || joined server 
2026-07-26 14:04:24 + : NotZeus  || None || joined server 
2026-07-26 14:33:23 + : NotZeus  || None || joined server 
2026-07-26 14:33:24 + : NotZeus  || pb-IF42XhcMHA== || joined server 
2026-07-26 14:34:06 + : Graphitepc  || None || joined server 
2026-07-26 14:34:07 + : Graphitepc  || pb-IF4yXmsCPQ== || joined server 
2026-07-26 14:58:42 + : Affecte376  || pb-IF4vUxchAQ== || joined server 
2026-07-26 14:58:43 + : Graphitepc  || None || joined server 
2026-07-26 14:58:44 + : Graphitepc  || pb-IF4yXmsCPQ== || joined server 
2026-07-26 14:59:59 + : NotZeus  || pb-IF42XhcMHA== || joined server 
2026-07-26 16:05:09 + : DivineDeox  || None || joined server 
2026-07-26 16:05:10 + : DivineDeox  || pb-IF5XXnhcBg== || joined server 
2026-07-26 16:10:24 + : DivineDeox  || pb-IF5XXnhcBg== || joined server 
2026-07-26 16:11:42 + : DivineDeox  || pb-IF5XXnhcBg== || joined server 
2026-07-26 20:35:37 + : Nobonalis  || None || joined server 
2026-07-26 20:35:38 + : Nobonalis  || pb-IF4tUEwGEg== || joined server 
2026-07-26 20:35:39 + : Graphitepc  || pb-IF4yXmsCPQ== || joined server 
2026-07-26 20:35:51 + : DivineDeox  || pb-IF5XXnhcBg== || joined server 
2026-07-27 16:30:13 + : Finder  || None || joined server 
2026-07-27 16:31:31 + : Arya61  || pb-IF42XhcMHA== || joined server 
2026-07-27 16:32:48 + : Arya61  || pb-IF42XhcMHA== || joined server 
2026-07-27 16:35:18 + : Arya61  || None || joined server 
2026-07-27 16:35:19 + : Arya61  || pb-IF42XhcMHA== || joined server 
2026-07-27 16:35:23 + : GIRLLOVE  || pb-IF4BXmQ6Lg== || joined server 
2026-07-27 16:48:03 + : DivineDeox  || pb-IF5XXnhcBg== || joined server 
2026-07-27 16:50:43 + : DivineDeox  || None || joined server 
2026-07-27 17:07:42 + : DivineDeox  || pb-IF5XXnhcBg== || joined server 
2026-07-27 17:16:07 + : Existen172  || None || joined server 
2026-07-27 17:16:08 + : Existen172  || pb-IF4pXnYSPQ== || joined server 
2026-07-27 17:25:21 + : Finder  || None || joined server 
